// Jest Snapshot v1, https://goo.gl/fbAQLP

exports[`App Test Capturing Snapshot of APP 1`] = `
<Router
  history={
    Object {
      "action": "POP",
      "block": [Function],
      "createHref": [Function],
      "go": [Function],
      "goBack": [Function],
      "goForward": [Function],
      "listen": [Function],
      "location": Object {
        "hash": "",
        "pathname": "/",
        "search": "",
        "state": undefined,
      },
      "push": [Function],
      "replace": [Function],
    }
  }
>
  <Connect(App)
    location={
      Object {
        "pathname": "/app/dashboard",
      }
    }
    store={
      Object {
        "asyncReducers": Object {},
        "dispatch": [Function],
        "getState": [Function],
        "replaceReducer": [Function],
        "runSaga": [Function],
        "subscribe": [Function],
        Symbol(observable): [Function],
      }
    }
  />
</Router>
`;
